// Jest Snapshot v1, https://goo.gl/fbAQLP

exports[`<Comments /> rendering renders correctly 1`] = `ShallowWrapper {}`;
