// Jest Snapshot v1, https://goo.gl/fbAQLP

exports[`<Comment /> rendering renders correctly 1`] = `ShallowWrapper {}`;
