// Jest Snapshot v1, https://goo.gl/fbAQLP

exports[`<CommentEdit /> rendering renders correctly 1`] = `undefined`;
