// Jest Snapshot v1, https://goo.gl/fbAQLP

exports[`<CommentAdd /> rendering renders correctly 1`] = `undefined`;
